[17:30:58] [Server thread/INFO]: Starting minecraft server version 1.12.2
[17:30:58] [Server thread/INFO]: Loading properties
[17:30:58] [Server thread/INFO]: Default game type: SURVIVAL
[17:30:58] [Server thread/INFO]: This server is running Paper version git-Paper-1620 (MC: 1.12.2) (Implementing API version 1.12.2-R0.1-SNAPSHOT)
[17:30:58] [Server thread/INFO]: Debug logging is disabled
[17:30:58] [Server thread/INFO]: Server Ping Player Sample Count: 12
[17:30:58] [Server thread/INFO]: Using 4 threads for Netty based IO
[17:30:58] [Server thread/INFO]: Generating keypair
[17:30:59] [Server thread/INFO]: Starting Minecraft server on *:25566
[17:30:59] [Server thread/INFO]: Using epoll channel type
[17:30:59] [Server thread/INFO]: Set PluginClassLoader as parallel capable
[17:30:59] [Server thread/INFO]: [ViaVersion] Loading ViaVersion v5.10.0
[17:30:59] [Server thread/INFO]: [ViaVersion] ViaVersion 5.10.0 is now loaded. Registering protocol transformers and injecting...
[17:31:00] [Via-Mappingloader-1/INFO]: [ViaVersion] Loading block connection mappings ...
[17:31:00] [Server thread/INFO]: [ViaBackwards] Loading translations...
[17:31:00] [Server thread/INFO]: [ViaBackwards] Registering protocols...
[17:31:01] [Server thread/INFO]: [ViaRewind] Registering protocols...
[17:31:01] [Server thread/INFO]: [Skript] Loading Skript v2.6.4
[17:31:01] [Server thread/INFO]: [SkBee] Loading SkBee v1.10.3
[17:31:01] [Server thread/INFO]: [ViaBackwards] Loading ViaBackwards v5.10.0
[17:31:01] [Server thread/INFO]: [ViaRewind] Loading ViaRewind v4.1.2
[17:31:01] [Server thread/INFO]: Server permissions file permissions.yml is empty, ignoring it
[17:31:01] [Server thread/INFO]: [ViaRewind] Enabling ViaRewind v4.1.2
[17:31:01] [Server thread/WARN]: **** SERVER IS RUNNING IN OFFLINE/INSECURE MODE!
[17:31:01] [Server thread/WARN]: The server will make no attempt to authenticate usernames. Beware.
[17:31:01] [Server thread/WARN]: While this makes the game possible to play without internet access, it also opens up the ability for hackers to connect with any username they choose.
[17:31:01] [Server thread/WARN]: To change this, set "online-mode" to "true" in the server.properties file.
[17:31:01] [Server thread/INFO]: **** Beginning UUID conversion, this may take A LONG time ****
[17:31:01] [Server thread/INFO]: Preparing level "world"
[17:31:02] [Server thread/INFO]: Preparing start region for level 0 (Seed: -3624067133936351513)
[17:31:03] [Server thread/INFO]: Preparing spawn area: 8%
[17:31:03] [Server thread/INFO]: Preparing start region for level 1 (Seed: -3624067133936351513)
[17:31:04] [Server thread/INFO]: Preparing start region for level 2 (Seed: -3624067133936351513)
[17:31:04] [Server thread/INFO]: [ViaVersion] Enabling ViaVersion v5.10.0
[17:31:04] [Server thread/INFO]: [Skript] Enabling Skript v2.6.4
[17:31:04] [Server thread/INFO]: [Skript] Unknown release channel 'prerelease'.
[17:31:06] [ForkJoinPool.commonPool-worker-1/INFO]: [Skript] You're currently running the latest stable version of Skript.
[17:31:07] [Server thread/INFO]: [Skript] Loaded 18405 aliases in 3240ms
[17:31:08] [Server thread/INFO]: [Skript]  ~ created by & © Peter Güttinger aka Njol ~
[17:31:08] [Server thread/INFO]: [SkBee] Enabling SkBee v1.10.3
[17:31:08] [Server thread/INFO]: [SkBee] Loading NBTApi...
[17:31:08] [Server thread/INFO]: [SkBee] [NBTAPI] Found Spigot: v1_12_R1! Trying to find NMS support
[17:31:08] [Server thread/INFO]: [SkBee] [NBTAPI] NMS support 'MC1_12_R1' loaded!
[17:31:08] [Server thread/INFO]: [SkBee] [NBTAPI] Found Gson: class com.google.gson.Gson
[17:31:08] [Server thread/INFO]: [SkBee] [NBTAPI] Using the plugin 'ViaVersion' to create a bStats instance!
[17:31:08] [Server thread/INFO]: [SkBee] Successfully loaded NBTApi!
[17:31:08] [Server thread/INFO]: [SkBee] NBT Elements successfully loaded
[17:31:08] [Server thread/INFO]: [SkBee] Scoreboard Elements successfully loaded
[17:31:08] [Server thread/INFO]: [SkBee] Bound Elements successfully loaded
[17:31:08] [Server thread/INFO]: [SkBee] Text Component Elements successfully loaded
[17:31:08] [Server thread/INFO]: [SkBee] Other Elements successfully loaded
[17:31:08] [Server thread/INFO]: [SkBee] World Creator Elements successfully loaded
[17:31:08] [Server thread/INFO]: [SkBee] Successfully enabled v1.10.3 in 0.16 seconds
[17:31:08] [Server thread/INFO]: [ViaBackwards] Enabling ViaBackwards v5.10.0
[17:31:08] [Server thread/WARN]: Could not register alias icanhasbukkit because it contains commands that do not exist: essentials:god $1-
[17:31:08] [Server thread/WARN]: Could not register alias sell because it contains commands that do not exist: economyshopgui:sellall $1-
[17:31:08] [Server thread/INFO]: Done (6.984s)! For help, type "help" or "?"
[17:31:08] [Server thread/INFO]: Timings Reset
[17:31:08] [Server thread/INFO]: [ViaVersion] ViaVersion detected server version: 1.12.2 (340)
[17:31:08] [Server thread/WARN]: [ViaVersion] This version of Minecraft is extremely outdated and support for it has reached its end of life. You will still be able to run Via on this Minecraft version, but we will prioritize issues with legacy Minecraft versions less. Please consider updating to give your players a better experience and to avoid issues that have long been fixed.
[17:31:08] [Server thread/INFO]: [Skript] Loading variables...
[17:31:08] [Server thread/INFO]: [Skript] Loaded 4 variables in 0.0 seconds
[17:31:08] [Server thread/INFO]: [Skript] All scripts loaded without errors.
[17:31:08] [Server thread/INFO]: [Skript] Loaded 1 script with a total of 9 structures in 6
[17:31:08] [Server thread/INFO]: [Skript] Finished loading.
[17:31:08] [Craft Scheduler Thread - 2/INFO]: [ViaVersion] Finished mapping loading, shutting down loader executor.
[17:34:45] [User Authenticator #1/INFO]: UUID of player EntityZ096x is 2ee83cb0-186f-329d-bb3e-2dd2a293057c
[17:34:45] [Server thread/INFO]: EntityZ096x[/127.0.0.1:34244] logged in with entity id 1 at ([world]0.0, 250.0, 0.0)
[17:34:50] [Server thread/INFO]: EntityZ096x issued server command: /l ZL_20130124
[17:37:02] [Server thread/INFO]: EntityZ096x issued server command: /sk reload scripts
[17:37:04] [Server thread/INFO]: EntityZ096x lost connection: Disconnected
[17:37:06] [User Authenticator #2/INFO]: UUID of player EntityZ096x is 2ee83cb0-186f-329d-bb3e-2dd2a293057c
[17:37:06] [Server thread/INFO]: EntityZ096x[/127.0.0.1:54194] logged in with entity id 34 at ([world]0.0, 250.0, 0.0)
[17:37:51] [Server thread/INFO]: EntityZ096x issued server command: /sk reload scripts
[17:37:54] [Server thread/INFO]: EntityZ096x issued server command: /l ZL_20130124
[17:38:06] [Server thread/INFO]: EntityZ096x issued server command: /sk reload scripts
[17:38:15] [Server thread/INFO]: EntityZ096x issued server command: /sk reload scripts
[17:38:33] [Server thread/INFO]: EntityZ096x issued server command: /worldborder 10
[17:38:36] [Server thread/INFO]: EntityZ096x issued server command: /worldborder set 10
[17:38:36] [Server thread/INFO]: [EntityZ096x: Set world border to 10.0 blocks wide (from 60000000.0 blocks)]
[17:38:43] [Server thread/INFO]: EntityZ096x issued server command: /worldborder set 100
[17:38:43] [Server thread/INFO]: [EntityZ096x: Set world border to 100.0 blocks wide (from 10.0 blocks)]
[17:38:45] [Server thread/INFO]: EntityZ096x issued server command: /worldborder set 20
[17:38:45] [Server thread/INFO]: [EntityZ096x: Set world border to 20.0 blocks wide (from 100.0 blocks)]
[17:38:52] [Server thread/INFO]: EntityZ096x issued server command: /worldborder set 10
[17:38:52] [Server thread/INFO]: [EntityZ096x: Set world border to 10.0 blocks wide (from 20.0 blocks)]
[17:38:58] [Server thread/INFO]: EntityZ096x lost connection: Disconnected
[17:39:00] [User Authenticator #3/INFO]: UUID of player EntityZ096x is 2ee83cb0-186f-329d-bb3e-2dd2a293057c
[17:39:00] [Server thread/INFO]: EntityZ096x[/127.0.0.1:36060] logged in with entity id 52 at ([world]-0.2121721319048893, 192.24413250042792, 0.36946179178731464)
[17:39:08] [Server thread/INFO]: EntityZ096x issued server command: /debug
[17:39:14] [Server thread/INFO]: EntityZ096x issued server command: /worldborder set 15
[17:39:14] [Server thread/INFO]: [EntityZ096x: Set world border to 15.0 blocks wide (from 10.0 blocks)]
[17:39:25] [Server thread/INFO]: EntityZ096x issued server command: /worldborder set 0
[17:39:25] [Server thread/INFO]: [EntityZ096x: The number you have entered (0.00) is too small, it must be at least 1.00]
[17:39:27] [Server thread/INFO]: EntityZ096x issued server command: /worldborder set 1
[17:39:27] [Server thread/INFO]: [EntityZ096x: Set world border to 1.0 blocks wide (from 15.0 blocks)]
[17:39:46] [Server thread/INFO]: EntityZ096x issued server command: /sk reload scripts
[17:39:54] [Server thread/INFO]: EntityZ096x issued server command: /l ZL_20130124
[17:40:20] [Server thread/INFO]: EntityZ096x issued server command: /tp EntityZ096x 0 250
[17:40:20] [Server thread/INFO]: [EntityZ096x: 'EntityZ096x' is not a valid number]
[17:40:21] [Server thread/INFO]: EntityZ096x issued server command: /tp EntityZ096x 0 250 0
[17:40:21] [Server thread/INFO]: [EntityZ096x: Teleported EntityZ096x to 0.5, 250.0, 0.5]
[17:40:32] [Server thread/INFO]: EntityZ096x issued server command: /gamemode c
[17:40:32] [Server thread/INFO]: [EntityZ096x: Set own game mode to Creative Mode]
[17:40:45] [Server thread/INFO]: EntityZ096x issued server command: /gamemode s
[17:40:45] [Server thread/INFO]: [EntityZ096x: Set own game mode to Survival Mode]
[17:40:58] [Server thread/INFO]: EntityZ096x issued server command: /worldborder set 1.5
[17:40:58] [Server thread/INFO]: [EntityZ096x: Set world border to 1.5 blocks wide (from 1.0 blocks)]
[17:41:04] [Server thread/INFO]: EntityZ096x issued server command: /worldborder set 2
[17:41:04] [Server thread/INFO]: [EntityZ096x: Set world border to 2.0 blocks wide (from 1.5 blocks)]
[17:41:26] [Server thread/INFO]: EntityZ096x lost connection: Disconnected
[17:41:28] [User Authenticator #4/INFO]: UUID of player EntityZ096x is 2ee83cb0-186f-329d-bb3e-2dd2a293057c
[17:41:28] [Server thread/INFO]: EntityZ096x[/127.0.0.1:58770] logged in with entity id 118 at ([world]0.1528614900114817, 76.0, -0.3640667305756613)
[17:41:33] [Server thread/INFO]: EntityZ096x issued server command: /debug
[17:41:35] [Server thread/INFO]: EntityZ096x issued server command: /sk reload scripts
[17:41:36] [Server thread/INFO]: EntityZ096x issued server command: /debug
[17:41:38] [Server thread/INFO]: EntityZ096x issued server command: /sk reload scripts
[17:41:42] [Server thread/INFO]: EntityZ096x issued server command: /l ZL_20130124
[17:42:13] [Server thread/INFO]: EntityZ096x issued server command: /sk reload scripts
[17:42:15] [Server thread/INFO]: EntityZ096x lost connection: Disconnected
[17:42:16] [User Authenticator #4/INFO]: UUID of player EntityZ096x is 2ee83cb0-186f-329d-bb3e-2dd2a293057c
[17:42:16] [Server thread/INFO]: EntityZ096x[/127.0.0.1:55944] logged in with entity id 120 at ([world]0.5, 257.0, 0.5)
[17:42:22] [Server thread/INFO]: EntityZ096x issued server command: /l ZL_20130124
[17:46:02] [Server thread/INFO]: EntityZ096x lost connection: Disconnected
[17:47:59] [User Authenticator #5/INFO]: UUID of player EntityZ096x is 2ee83cb0-186f-329d-bb3e-2dd2a293057c
[17:47:59] [Server thread/INFO]: EntityZ096x[/127.0.0.1:48770] logged in with entity id 121 at ([world]23.619044844733438, 257.0, 0.7542721293042347)
[17:48:09] [Server thread/INFO]: EntityZ096x issued server command: /l ZL_20130124
[17:48:53] [Server thread/INFO]: EntityZ096x issued server command: /sk reload scripts
[17:49:04] [Server thread/INFO]: EntityZ096x lost connection: Disconnected
[17:51:24] [User Authenticator #6/INFO]: UUID of player EntityZ096x is 2ee83cb0-186f-329d-bb3e-2dd2a293057c
[17:51:24] [Server thread/INFO]: EntityZ096x[/127.0.0.1:40632] logged in with entity id 122 at ([world]4.652226588531295, 257.0, 7.622135941872014)
[17:51:31] [Server thread/INFO]: EntityZ096x issued server command: /l ZL_20130124
[17:51:41] [Server thread/INFO]: EntityZ096x lost connection: Disconnected
[18:07:01] [Server thread/INFO]: Stopping the server
[18:07:01] [Server thread/INFO]: Stopping server
[18:07:01] [Server thread/INFO]: [ViaRewind] Disabling ViaRewind v4.1.2
[18:07:01] [Server thread/INFO]: [ViaBackwards] Disabling ViaBackwards v5.10.0
[18:07:01] [Server thread/INFO]: [SkBee] Disabling SkBee v1.10.3
[18:07:01] [Server thread/INFO]: [Skript] Disabling Skript v2.6.4
[18:07:01] [Server thread/INFO]: [ViaVersion] Disabling ViaVersion v5.10.0
[18:07:01] [Server thread/INFO]: [ViaVersion] ViaVersion is disabling. If this is a reload and you experience issues, please reboot instead.
[18:07:01] [Server thread/INFO]: [ViaVersion] ViaVersion has been disabled; uninjected the platform and shut down the scheduler.
[18:07:01] [Server thread/INFO]: Saving players
[18:07:01] [Server thread/INFO]: Saving worlds
[18:07:01] [Server thread/INFO]: Saving chunks for level 'world'/overworld
[18:07:01] [Server thread/INFO]: Saving chunks for level 'world_nether'/the_nether
[18:07:01] [Server thread/INFO]: Saving chunks for level 'world_the_end'/the_end
