[2026/07/06 15:14:39]: §9          __             _       
[2026/07/06 15:14:39]: §9  _ __   / /  ___   __ _(_)_ __  
[2026/07/06 15:14:39]: §9 | '_ \ / /  / _ \ / _` | | '_ \ 
[2026/07/06 15:14:39]: §9 | | | / /__| (_) | (_| | | | | |
[2026/07/06 15:14:39]: §9 |_| |_\____/\___/ \__, |_|_| |_|
[2026/07/06 15:14:39]: §9                  |___/            
[2026/07/06 15:14:39]: §9 By: www.nickuc.com - V 10.4.27
[2026/07/06 15:14:39]: §9 
[2026/07/06 15:14:39]: §3[nLogin] [DEBUG] All settings were loaded in 462 ms.
[2026/07/06 15:14:39]: §3[nLogin] [DEBUG] Loading the messages_en.yml message file...
[2026/07/06 15:14:39]: §3[nLogin] [DEBUG] All plugin messages were loaded in 115 ms (languageByClient=false).
[2026/07/06 15:14:39]: §3[nLogin] [DEBUG] All proxy settings were loaded in 16 ms.
[2026/07/06 15:14:39]: §3[nLogin] [DEBUG] Loading database...
[2026/07/06 15:14:40]: §3[nLogin] [DEBUG] Starting logger filter...
[2026/07/06 15:14:45]: 
[2026/07/06 15:14:45]:  §bThank you so much for choosing nLogin! §4<3
[2026/07/06 15:14:45]: 
[2026/07/06 15:14:45]:  §4For your safety, please read the message below:
[2026/07/06 15:14:45]:   §cNever download nLogin from unknown sources.
[2026/07/06 15:14:45]:   §cA modified version may contain malicious software.
[2026/07/06 15:14:45]: 
[2026/07/06 15:14:45]:  §3Trusted sources:
[2026/07/06 15:14:45]:   §bwww.nickuc.com
[2026/07/06 15:14:45]:   §bwww.github.com/nickuc
[2026/07/06 15:14:45]:   §bOpeNLogin installer (from Spigot or GitHub)
[2026/07/06 15:14:45]: 
[2026/07/06 15:14:45]:  §3Official support channels:
[2026/07/06 15:14:45]:   §bDiscord group: §fwww.nickuc.com/discord
[2026/07/06 15:14:45]:   §bDocumentation: §fdocs.nickuc.com/nlogin/
[2026/07/06 15:14:45]:   §bEmail: §fsupport@nickuc.com
[2026/07/06 15:14:45]:   §bYouTube: §fyoutube.com/nickuc
[2026/07/06 15:14:45]: 
[2026/07/06 15:14:45]:  §eTo remove this warning, log in with "nlogin.admin" permission on the server
[2026/07/06 15:14:45]:  §eand click the "Setup plugin" button to configure your plugin.
[2026/07/06 15:14:45]: 
[2026/07/06 15:17:15]: §3[nLogin] [DEBUG] [SQLite] [UPDATE]: "UPDATE `nlogin` SET `last_name` = 'EntityZ096x', `unique_id` = 2ee83cb0186f329dbb3e2dd2a293057c,  `mojang_id` = null,  `bedrock_id` = null,  `password` = '$2a$10$hANg6QPwBYB164nUUdYSvunfF8/XDpOWG6r7AEV5YiO37Z1UaxmzG', `last_ip` = '0:0:0:0:0:0:0:1', `creation_date` = 2026-06-22 12:40:57.688, `last_seen` = 2026-07-06 15:17:15.878, `email` = null, `discord` = null, `settings` = '{"settings":[{"value":"server","key":"last-server"},{"value":"en","key":"language"}],"version":0}' WHERE `ai` = 2" (applied to [last_ip, last_seen, settings] columns)
[2026/07/06 15:17:15]: [nLogin] The user EntityZ096x has successfully logged in.
[2026/07/06 17:08:47]: §3[nLogin] [DEBUG] [SQLite] [UPDATE]: "UPDATE `nlogin` SET `last_name` = 'EntityZ096x', `unique_id` = 2ee83cb0186f329dbb3e2dd2a293057c,  `mojang_id` = null,  `bedrock_id` = null,  `password` = '$2a$10$hANg6QPwBYB164nUUdYSvunfF8/XDpOWG6r7AEV5YiO37Z1UaxmzG', `last_ip` = '0:0:0:0:0:0:0:1', `creation_date` = 2026-06-22 12:40:57.688, `last_seen` = 2026-07-06 17:08:47.308, `email` = null, `discord` = null, `settings` = '{"settings":[{"value":"server","key":"last-server"},{"value":"en","key":"language"}],"version":0}' WHERE `ai` = 2" (applied to [last_seen, settings] columns)
[2026/07/06 17:11:02]: §3[nLogin] [DEBUG] [SQLite] [UPDATE]: "UPDATE `nlogin` SET `last_name` = 'EntityZ096x', `unique_id` = 2ee83cb0186f329dbb3e2dd2a293057c,  `mojang_id` = null,  `bedrock_id` = null,  `password` = '$2a$10$hANg6QPwBYB164nUUdYSvunfF8/XDpOWG6r7AEV5YiO37Z1UaxmzG', `last_ip` = '0:0:0:0:0:0:0:1', `creation_date` = 2026-06-22 12:40:57.688, `last_seen` = 2026-07-06 17:11:02.585, `email` = null, `discord` = null, `settings` = '{"settings":[{"value":"server","key":"last-server"},{"value":"en","key":"language"}],"version":0}' WHERE `ai` = 2" (applied to [last_ip, last_seen, settings] columns)
[2026/07/06 17:11:02]: [nLogin] The user EntityZ096x has successfully logged in.
[2026/07/06 17:16:55]: §3[nLogin] [DEBUG] [SQLite] [UPDATE]: "UPDATE `nlogin` SET `last_name` = 'EntityZ096x', `unique_id` = 2ee83cb0186f329dbb3e2dd2a293057c,  `mojang_id` = null,  `bedrock_id` = null,  `password` = '$2a$10$hANg6QPwBYB164nUUdYSvunfF8/XDpOWG6r7AEV5YiO37Z1UaxmzG', `last_ip` = '0:0:0:0:0:0:0:1', `creation_date` = 2026-06-22 12:40:57.688, `last_seen` = 2026-07-06 17:16:55.151, `email` = null, `discord` = null, `settings` = '{"settings":[{"value":"server","key":"last-server"},{"value":"en","key":"language"}],"version":0}' WHERE `ai` = 2" (applied to [last_seen, settings] columns)
[2026/07/06 17:22:48]: §3[nLogin] [DEBUG] [SQLite] [UPDATE]: "UPDATE `nlogin` SET `last_name` = 'EntityZ096x', `unique_id` = 2ee83cb0186f329dbb3e2dd2a293057c,  `mojang_id` = null,  `bedrock_id` = null,  `password` = '$2a$10$hANg6QPwBYB164nUUdYSvunfF8/XDpOWG6r7AEV5YiO37Z1UaxmzG', `last_ip` = '0:0:0:0:0:0:0:1', `creation_date` = 2026-06-22 12:40:57.688, `last_seen` = 2026-07-06 17:22:48.425, `email` = null, `discord` = null, `settings` = '{"settings":[{"value":"server","key":"last-server"},{"value":"en","key":"language"}],"version":0}' WHERE `ai` = 2" (applied to [last_ip, last_seen, settings] columns)
[2026/07/06 17:22:48]: [nLogin] The user EntityZ096x has successfully logged in.
[2026/07/06 17:34:46]: §3[nLogin] [DEBUG] [SQLite] [UPDATE]: "UPDATE `nlogin` SET `last_name` = 'EntityZ096x', `unique_id` = 2ee83cb0186f329dbb3e2dd2a293057c,  `mojang_id` = null,  `bedrock_id` = null,  `password` = '$2a$10$hANg6QPwBYB164nUUdYSvunfF8/XDpOWG6r7AEV5YiO37Z1UaxmzG', `last_ip` = '0:0:0:0:0:0:0:1', `creation_date` = 2026-06-22 12:40:57.688, `last_seen` = 2026-07-06 17:34:46.575, `email` = null, `discord` = null, `settings` = '{"settings":[{"value":"server","key":"last-server"},{"value":"en","key":"language"}],"version":0}' WHERE `ai` = 2" (applied to [last_seen, settings] columns)
[2026/07/06 17:36:48]: §3[nLogin] [DEBUG] [SQLite] [UPDATE]: "UPDATE `nlogin` SET `last_name` = 'EntityZ096x', `unique_id` = 2ee83cb0186f329dbb3e2dd2a293057c,  `mojang_id` = null,  `bedrock_id` = null,  `password` = '$2a$10$hANg6QPwBYB164nUUdYSvunfF8/XDpOWG6r7AEV5YiO37Z1UaxmzG', `last_ip` = '0:0:0:0:0:0:0:1', `creation_date` = 2026-06-22 12:40:57.688, `last_seen` = 2026-07-06 17:36:48.381, `email` = null, `discord` = null, `settings` = '{"settings":[{"value":"server","key":"last-server"},{"value":"en","key":"language"}],"version":0}' WHERE `ai` = 2" (applied to [last_ip, last_seen, settings] columns)
[2026/07/06 17:36:48]: [nLogin] The user EntityZ096x has successfully logged in.
[2026/07/06 17:38:48]: §3[nLogin] [DEBUG] [SQLite] [UPDATE]: "UPDATE `nlogin` SET `last_name` = 'EntityZ096x', `unique_id` = 2ee83cb0186f329dbb3e2dd2a293057c,  `mojang_id` = null,  `bedrock_id` = null,  `password` = '$2a$10$hANg6QPwBYB164nUUdYSvunfF8/XDpOWG6r7AEV5YiO37Z1UaxmzG', `last_ip` = '0:0:0:0:0:0:0:1', `creation_date` = 2026-06-22 12:40:57.688, `last_seen` = 2026-07-06 17:38:48.636, `email` = null, `discord` = null, `settings` = '{"settings":[{"value":"auth","key":"last-server"},{"value":"en","key":"language"}],"version":0}' WHERE `ai` = 2" (applied to [last_seen, settings] columns)
[2026/07/06 17:44:15]: §3[nLogin] [DEBUG] [SQLite] [UPDATE]: "UPDATE `nlogin` SET `last_name` = 'EntityZ096x', `unique_id` = 2ee83cb0186f329dbb3e2dd2a293057c,  `mojang_id` = null,  `bedrock_id` = null,  `password` = '$2a$10$hANg6QPwBYB164nUUdYSvunfF8/XDpOWG6r7AEV5YiO37Z1UaxmzG', `last_ip` = '0:0:0:0:0:0:0:1', `creation_date` = 2026-06-22 12:40:57.688, `last_seen` = 2026-07-06 17:44:15.668, `email` = null, `discord` = null, `settings` = '{"settings":[{"value":"auth","key":"last-server"},{"value":"en","key":"language"}],"version":0}' WHERE `ai` = 2" (applied to [last_ip, last_seen, settings] columns)
[2026/07/06 17:44:15]: [nLogin] The user EntityZ096x has successfully logged in.
[2026/07/06 17:44:41]: §3[nLogin] [DEBUG] [SQLite] [UPDATE]: "UPDATE `nlogin` SET `last_name` = 'EntityZ096x', `unique_id` = 2ee83cb0186f329dbb3e2dd2a293057c,  `mojang_id` = null,  `bedrock_id` = null,  `password` = '$2a$10$hANg6QPwBYB164nUUdYSvunfF8/XDpOWG6r7AEV5YiO37Z1UaxmzG', `last_ip` = '0:0:0:0:0:0:0:1', `creation_date` = 2026-06-22 12:40:57.688, `last_seen` = 2026-07-06 17:44:41.913, `email` = null, `discord` = null, `settings` = '{"settings":[{"value":"server","key":"last-server"},{"value":"en","key":"language"}],"version":0}' WHERE `ai` = 2" (applied to [last_seen, settings] columns)
[2026/07/06 18:02:35]: §3[nLogin] [DEBUG] [SQLite] [UPDATE]: "UPDATE `nlogin` SET `last_name` = 'EntityZ096x', `unique_id` = 2ee83cb0186f329dbb3e2dd2a293057c,  `mojang_id` = null,  `bedrock_id` = null,  `password` = '$2a$10$hANg6QPwBYB164nUUdYSvunfF8/XDpOWG6r7AEV5YiO37Z1UaxmzG', `last_ip` = '0:0:0:0:0:0:0:1', `creation_date` = 2026-06-22 12:40:57.688, `last_seen` = 2026-07-06 18:02:35.676, `email` = null, `discord` = null, `settings` = '{"settings":[{"value":"server","key":"last-server"},{"value":"en","key":"language"}],"version":0}' WHERE `ai` = 2" (applied to [last_ip, last_seen, settings] columns)
[2026/07/06 18:02:35]: [nLogin] The user EntityZ096x has successfully logged in.
[2026/07/06 18:14:14]: §3[nLogin] [DEBUG] [SQLite] [UPDATE]: "UPDATE `nlogin` SET `last_name` = 'EntityZ096x', `unique_id` = 2ee83cb0186f329dbb3e2dd2a293057c,  `mojang_id` = null,  `bedrock_id` = null,  `password` = '$2a$10$hANg6QPwBYB164nUUdYSvunfF8/XDpOWG6r7AEV5YiO37Z1UaxmzG', `last_ip` = '0:0:0:0:0:0:0:1', `creation_date` = 2026-06-22 12:40:57.688, `last_seen` = 2026-07-06 18:14:14.372, `email` = null, `discord` = null, `settings` = '{"settings":[{"value":"auth","key":"last-server"},{"value":"en","key":"language"}],"version":0}' WHERE `ai` = 2" (applied to [last_seen, settings] columns)
[2026/07/06 18:14:19]: §3[nLogin] [DEBUG] [SQLite] [UPDATE]: "UPDATE `nlogin` SET `last_name` = 'EntityZ096x', `unique_id` = 2ee83cb0186f329dbb3e2dd2a293057c,  `mojang_id` = null,  `bedrock_id` = null,  `password` = '$2a$10$hANg6QPwBYB164nUUdYSvunfF8/XDpOWG6r7AEV5YiO37Z1UaxmzG', `last_ip` = '0:0:0:0:0:0:0:1', `creation_date` = 2026-06-22 12:40:57.688, `last_seen` = 2026-07-06 18:14:19.132, `email` = null, `discord` = null, `settings` = '{"settings":[{"value":"auth","key":"last-server"},{"value":"en","key":"language"}],"version":0}' WHERE `ai` = 2" (applied to [last_ip, last_seen, settings] columns)
[2026/07/06 18:14:19]: [nLogin] The user EntityZ096x has successfully logged in.
[2026/07/06 18:32:28]: §3[nLogin] [DEBUG] [SQLite] [UPDATE]: "UPDATE `nlogin` SET `last_name` = 'EntityZ096x', `unique_id` = 2ee83cb0186f329dbb3e2dd2a293057c,  `mojang_id` = null,  `bedrock_id` = null,  `password` = '$2a$10$hANg6QPwBYB164nUUdYSvunfF8/XDpOWG6r7AEV5YiO37Z1UaxmzG', `last_ip` = '0:0:0:0:0:0:0:1', `creation_date` = 2026-06-22 12:40:57.688, `last_seen` = 2026-07-06 18:32:28.01, `email` = null, `discord` = null, `settings` = '{"settings":[{"value":"server","key":"last-server"},{"value":"en","key":"language"}],"version":0}' WHERE `ai` = 2" (applied to [last_seen, settings] columns)
[2026/07/06 18:32:32]: §3[nLogin] [DEBUG] [SQLite] [UPDATE]: "UPDATE `nlogin` SET `last_name` = 'EntityZ096x', `unique_id` = 2ee83cb0186f329dbb3e2dd2a293057c,  `mojang_id` = null,  `bedrock_id` = null,  `password` = '$2a$10$hANg6QPwBYB164nUUdYSvunfF8/XDpOWG6r7AEV5YiO37Z1UaxmzG', `last_ip` = '0:0:0:0:0:0:0:1', `creation_date` = 2026-06-22 12:40:57.688, `last_seen` = 2026-07-06 18:32:32.184, `email` = null, `discord` = null, `settings` = '{"settings":[{"value":"server","key":"last-server"},{"value":"en","key":"language"}],"version":0}' WHERE `ai` = 2" (applied to [last_ip, last_seen, settings] columns)
[2026/07/06 18:32:32]: [nLogin] The user EntityZ096x has successfully logged in.
[2026/07/06 19:10:07]: §3[nLogin] [DEBUG] [SQLite] [UPDATE]: "UPDATE `nlogin` SET `last_name` = 'EntityZ096x', `unique_id` = 2ee83cb0186f329dbb3e2dd2a293057c,  `mojang_id` = null,  `bedrock_id` = null,  `password` = '$2a$10$hANg6QPwBYB164nUUdYSvunfF8/XDpOWG6r7AEV5YiO37Z1UaxmzG', `last_ip` = '0:0:0:0:0:0:0:1', `creation_date` = 2026-06-22 12:40:57.688, `last_seen` = 2026-07-06 19:10:07.76, `email` = null, `discord` = null, `settings` = '{"settings":[{"value":"server","key":"last-server"},{"value":"en","key":"language"}],"version":0}' WHERE `ai` = 2" (applied to [last_seen, settings] columns)
[2026/07/06 19:21:38]: §3[nLogin] [DEBUG] [SQLite] [UPDATE]: "UPDATE `nlogin` SET `last_name` = 'EntityZ096x', `unique_id` = 2ee83cb0186f329dbb3e2dd2a293057c,  `mojang_id` = null,  `bedrock_id` = null,  `password` = '$2a$10$hANg6QPwBYB164nUUdYSvunfF8/XDpOWG6r7AEV5YiO37Z1UaxmzG', `last_ip` = '0:0:0:0:0:0:0:1', `creation_date` = 2026-06-22 12:40:57.688, `last_seen` = 2026-07-06 19:21:38.381, `email` = null, `discord` = null, `settings` = '{"settings":[{"value":"server","key":"last-server"},{"value":"en","key":"language"}],"version":0}' WHERE `ai` = 2" (applied to [last_ip, last_seen, settings] columns)
[2026/07/06 19:21:38]: [nLogin] The user EntityZ096x has successfully logged in.
[2026/07/06 19:23:49]: §3[nLogin] [DEBUG] [SQLite] [UPDATE]: "UPDATE `nlogin` SET `last_name` = 'EntityZ096x', `unique_id` = 2ee83cb0186f329dbb3e2dd2a293057c,  `mojang_id` = null,  `bedrock_id` = null,  `password` = '$2a$10$hANg6QPwBYB164nUUdYSvunfF8/XDpOWG6r7AEV5YiO37Z1UaxmzG', `last_ip` = '0:0:0:0:0:0:0:1', `creation_date` = 2026-06-22 12:40:57.688, `last_seen` = 2026-07-06 19:23:49.343, `email` = null, `discord` = null, `settings` = '{"settings":[{"value":"server","key":"last-server"},{"value":"en","key":"language"}],"version":0}' WHERE `ai` = 2" (applied to [last_seen, settings] columns)
[2026/07/06 19:30:31]: §3[nLogin] [DEBUG] [SQLite] [UPDATE]: "UPDATE `nlogin` SET `last_name` = 'EntityZ096x', `unique_id` = 2ee83cb0186f329dbb3e2dd2a293057c,  `mojang_id` = null,  `bedrock_id` = null,  `password` = '$2a$10$hANg6QPwBYB164nUUdYSvunfF8/XDpOWG6r7AEV5YiO37Z1UaxmzG', `last_ip` = '0:0:0:0:0:0:0:1', `creation_date` = 2026-06-22 12:40:57.688, `last_seen` = 2026-07-06 19:30:31.432, `email` = null, `discord` = null, `settings` = '{"settings":[{"value":"server","key":"last-server"},{"value":"en","key":"language"}],"version":0}' WHERE `ai` = 2" (applied to [last_ip, last_seen, settings] columns)
[2026/07/06 19:30:31]: [nLogin] The user EntityZ096x has successfully logged in.
[2026/07/06 19:48:41]: §3[nLogin] [DEBUG] [SQLite] [UPDATE]: "UPDATE `nlogin` SET `last_name` = 'EntityZ096x', `unique_id` = 2ee83cb0186f329dbb3e2dd2a293057c,  `mojang_id` = null,  `bedrock_id` = null,  `password` = '$2a$10$hANg6QPwBYB164nUUdYSvunfF8/XDpOWG6r7AEV5YiO37Z1UaxmzG', `last_ip` = '0:0:0:0:0:0:0:1', `creation_date` = 2026-06-22 12:40:57.688, `last_seen` = 2026-07-06 19:48:41.235, `email` = null, `discord` = null, `settings` = '{"settings":[{"value":"server","key":"last-server"},{"value":"en","key":"language"}],"version":0}' WHERE `ai` = 2" (applied to [last_seen, settings] columns)
[2026/07/06 19:48:47]: §3[nLogin] [DEBUG] [SQLite] [UPDATE]: "UPDATE `nlogin` SET `last_name` = 'EntityZ096x', `unique_id` = 2ee83cb0186f329dbb3e2dd2a293057c,  `mojang_id` = null,  `bedrock_id` = null,  `password` = '$2a$10$hANg6QPwBYB164nUUdYSvunfF8/XDpOWG6r7AEV5YiO37Z1UaxmzG', `last_ip` = '0:0:0:0:0:0:0:1', `creation_date` = 2026-06-22 12:40:57.688, `last_seen` = 2026-07-06 19:48:47.446, `email` = null, `discord` = null, `settings` = '{"settings":[{"value":"server","key":"last-server"},{"value":"en","key":"language"}],"version":0}' WHERE `ai` = 2" (applied to [last_ip, last_seen, settings] columns)
[2026/07/06 19:48:47]: [nLogin] The user EntityZ096x has successfully logged in.
[2026/07/06 19:51:54]: §3[nLogin] [DEBUG] [SQLite] [UPDATE]: "UPDATE `nlogin` SET `last_name` = 'EntityZ096x', `unique_id` = 2ee83cb0186f329dbb3e2dd2a293057c,  `mojang_id` = null,  `bedrock_id` = null,  `password` = '$2a$10$hANg6QPwBYB164nUUdYSvunfF8/XDpOWG6r7AEV5YiO37Z1UaxmzG', `last_ip` = '0:0:0:0:0:0:0:1', `creation_date` = 2026-06-22 12:40:57.688, `last_seen` = 2026-07-06 19:51:54.809, `email` = null, `discord` = null, `settings` = '{"settings":[{"value":"auth","key":"last-server"},{"value":"en","key":"language"}],"version":0}' WHERE `ai` = 2" (applied to [last_seen, settings] columns)
[2026/07/06 19:56:21]: §3[nLogin] [DEBUG] [SQLite] [UPDATE]: "UPDATE `nlogin` SET `last_name` = 'EntityZ096x', `unique_id` = 2ee83cb0186f329dbb3e2dd2a293057c,  `mojang_id` = null,  `bedrock_id` = null,  `password` = '$2a$10$hANg6QPwBYB164nUUdYSvunfF8/XDpOWG6r7AEV5YiO37Z1UaxmzG', `last_ip` = '0:0:0:0:0:0:0:1', `creation_date` = 2026-06-22 12:40:57.688, `last_seen` = 2026-07-06 19:56:21.893, `email` = null, `discord` = null, `settings` = '{"settings":[{"value":"auth","key":"last-server"},{"value":"en","key":"language"}],"version":0}' WHERE `ai` = 2" (applied to [last_ip, last_seen, settings] columns)
[2026/07/06 19:56:21]: [nLogin] The user EntityZ096x has successfully logged in.
[2026/07/06 19:59:54]: §3[nLogin] [DEBUG] [SQLite] [UPDATE]: "UPDATE `nlogin` SET `last_name` = 'EntityZ096x', `unique_id` = 2ee83cb0186f329dbb3e2dd2a293057c,  `mojang_id` = null,  `bedrock_id` = null,  `password` = '$2a$10$hANg6QPwBYB164nUUdYSvunfF8/XDpOWG6r7AEV5YiO37Z1UaxmzG', `last_ip` = '0:0:0:0:0:0:0:1', `creation_date` = 2026-06-22 12:40:57.688, `last_seen` = 2026-07-06 19:59:54.61, `email` = null, `discord` = null, `settings` = '{"settings":[{"value":"server","key":"last-server"},{"value":"en","key":"language"}],"version":0}' WHERE `ai` = 2" (applied to [last_seen, settings] columns)
