[2026/07/05 12:01:37]: §9          __             _       
[2026/07/05 12:01:37]: §9  _ __   / /  ___   __ _(_)_ __  
[2026/07/05 12:01:37]: §9 | '_ \ / /  / _ \ / _` | | '_ \ 
[2026/07/05 12:01:37]: §9 | | | / /__| (_) | (_| | | | | |
[2026/07/05 12:01:37]: §9 |_| |_\____/\___/ \__, |_|_| |_|
[2026/07/05 12:01:37]: §9                  |___/            
[2026/07/05 12:01:37]: §9 By: www.nickuc.com - V 10.4.27
[2026/07/05 12:01:37]: §9 
[2026/07/05 12:01:38]: §3[nLogin] [DEBUG] All settings were loaded in 539 ms.
[2026/07/05 12:01:38]: §3[nLogin] [DEBUG] Loading the messages_en.yml message file...
[2026/07/05 12:01:39]: §3[nLogin] [DEBUG] All plugin messages were loaded in 216 ms (languageByClient=false).
[2026/07/05 12:01:39]: §3[nLogin] [DEBUG] All proxy settings were loaded in 31 ms.
[2026/07/05 12:01:39]: §3[nLogin] [DEBUG] Loading database...
[2026/07/05 12:01:39]: §3[nLogin] [DEBUG] Starting logger filter...
[2026/07/05 12:01:45]: 
[2026/07/05 12:01:45]:  §bThank you so much for choosing nLogin! §4<3
[2026/07/05 12:01:45]: 
[2026/07/05 12:01:45]:  §4For your safety, please read the message below:
[2026/07/05 12:01:45]:   §cNever download nLogin from unknown sources.
[2026/07/05 12:01:45]:   §cA modified version may contain malicious software.
[2026/07/05 12:01:45]: 
[2026/07/05 12:01:45]:  §3Trusted sources:
[2026/07/05 12:01:45]:   §bwww.nickuc.com
[2026/07/05 12:01:45]:   §bwww.github.com/nickuc
[2026/07/05 12:01:45]:   §bOpeNLogin installer (from Spigot or GitHub)
[2026/07/05 12:01:45]: 
[2026/07/05 12:01:45]:  §3Official support channels:
[2026/07/05 12:01:45]:   §bDiscord group: §fwww.nickuc.com/discord
[2026/07/05 12:01:45]:   §bDocumentation: §fdocs.nickuc.com/nlogin/
[2026/07/05 12:01:45]:   §bEmail: §fsupport@nickuc.com
[2026/07/05 12:01:45]:   §bYouTube: §fyoutube.com/nickuc
[2026/07/05 12:01:45]: 
[2026/07/05 12:01:45]:  §eTo remove this warning, log in with "nlogin.admin" permission on the server
[2026/07/05 12:01:45]:  §eand click the "Setup plugin" button to configure your plugin.
[2026/07/05 12:01:45]: 
[2026/07/05 12:03:08]: §3[nLogin] [DEBUG] [SQLite] [UPDATE]: "UPDATE `nlogin` SET `last_name` = 'EntityZ096x', `unique_id` = 2ee83cb0186f329dbb3e2dd2a293057c,  `mojang_id` = null,  `bedrock_id` = null,  `password` = '$2a$10$hANg6QPwBYB164nUUdYSvunfF8/XDpOWG6r7AEV5YiO37Z1UaxmzG', `last_ip` = '0:0:0:0:0:0:0:1', `creation_date` = 2026-06-22 12:40:57.688, `last_seen` = 2026-07-05 12:03:08.36, `email` = null, `discord` = null, `settings` = '{"settings":[{"value":"server","key":"last-server"},{"value":"en","key":"language"}],"version":0}' WHERE `ai` = 2" (applied to [last_ip, last_seen, settings] columns)
[2026/07/05 12:03:08]: [nLogin] The user EntityZ096x has successfully logged in.
[2026/07/05 12:03:29]: §3[nLogin] [DEBUG] [SQLite] [UPDATE]: "UPDATE `nlogin` SET `last_name` = 'EntityZ096x', `unique_id` = 2ee83cb0186f329dbb3e2dd2a293057c,  `mojang_id` = null,  `bedrock_id` = null,  `password` = '$2a$10$hANg6QPwBYB164nUUdYSvunfF8/XDpOWG6r7AEV5YiO37Z1UaxmzG', `last_ip` = '0:0:0:0:0:0:0:1', `creation_date` = 2026-06-22 12:40:57.688, `last_seen` = 2026-07-05 12:03:29.332, `email` = null, `discord` = null, `settings` = '{"settings":[{"value":"server","key":"last-server"},{"value":"en","key":"language"}],"version":0}' WHERE `ai` = 2" (applied to [last_seen, settings] columns)
[2026/07/05 12:03:33]: §3[nLogin] [DEBUG] [SQLite] [UPDATE]: "UPDATE `nlogin` SET `last_name` = 'EntityZ096x', `unique_id` = 2ee83cb0186f329dbb3e2dd2a293057c,  `mojang_id` = null,  `bedrock_id` = null,  `password` = '$2a$10$hANg6QPwBYB164nUUdYSvunfF8/XDpOWG6r7AEV5YiO37Z1UaxmzG', `last_ip` = '0:0:0:0:0:0:0:1', `creation_date` = 2026-06-22 12:40:57.688, `last_seen` = 2026-07-05 12:03:33.149, `email` = null, `discord` = null, `settings` = '{"settings":[{"value":"server","key":"last-server"},{"value":"en","key":"language"}],"version":0}' WHERE `ai` = 2" (applied to [last_ip, last_seen, settings] columns)
[2026/07/05 12:03:33]: [nLogin] The user EntityZ096x has successfully logged in.
[2026/07/05 12:04:08]: §3[nLogin] [DEBUG] [SQLite] [UPDATE]: "UPDATE `nlogin` SET `last_name` = 'EntityZ096x', `unique_id` = 2ee83cb0186f329dbb3e2dd2a293057c,  `mojang_id` = null,  `bedrock_id` = null,  `password` = '$2a$10$hANg6QPwBYB164nUUdYSvunfF8/XDpOWG6r7AEV5YiO37Z1UaxmzG', `last_ip` = '0:0:0:0:0:0:0:1', `creation_date` = 2026-06-22 12:40:57.688, `last_seen` = 2026-07-05 12:04:08.833, `email` = null, `discord` = null, `settings` = '{"settings":[{"value":"auth","key":"last-server"},{"value":"en","key":"language"}],"version":0}' WHERE `ai` = 2" (applied to [last_seen, settings] columns)
[2026/07/05 12:04:08]: [nLogin] Successful plugin core shutdown (took 0.00s)
