[2026/07/05 12:04:17]: §9          __             _       
[2026/07/05 12:04:17]: §9  _ __   / /  ___   __ _(_)_ __  
[2026/07/05 12:04:17]: §9 | '_ \ / /  / _ \ / _` | | '_ \ 
[2026/07/05 12:04:17]: §9 | | | / /__| (_) | (_| | | | | |
[2026/07/05 12:04:17]: §9 |_| |_\____/\___/ \__, |_|_| |_|
[2026/07/05 12:04:17]: §9                  |___/            
[2026/07/05 12:04:17]: §9 By: www.nickuc.com - V 10.4.27
[2026/07/05 12:04:17]: §9 
[2026/07/05 12:04:17]: §3[nLogin] [DEBUG] All settings were loaded in 169 ms.
[2026/07/05 12:04:18]: §3[nLogin] [DEBUG] Loading the messages_en.yml message file...
[2026/07/05 12:04:18]: §3[nLogin] [DEBUG] All plugin messages were loaded in 39 ms (languageByClient=false).
[2026/07/05 12:04:18]: §3[nLogin] [DEBUG] All proxy settings were loaded in 7 ms.
[2026/07/05 12:04:18]: §3[nLogin] [DEBUG] Loading database...
[2026/07/05 12:04:18]: §3[nLogin] [DEBUG] Starting logger filter...
[2026/07/05 12:04:23]: 
[2026/07/05 12:04:23]:  §bThank you so much for choosing nLogin! §4<3
[2026/07/05 12:04:23]: 
[2026/07/05 12:04:23]:  §4For your safety, please read the message below:
[2026/07/05 12:04:23]:   §cNever download nLogin from unknown sources.
[2026/07/05 12:04:23]:   §cA modified version may contain malicious software.
[2026/07/05 12:04:23]: 
[2026/07/05 12:04:23]:  §3Trusted sources:
[2026/07/05 12:04:23]:   §bwww.nickuc.com
[2026/07/05 12:04:23]:   §bwww.github.com/nickuc
[2026/07/05 12:04:23]:   §bOpeNLogin installer (from Spigot or GitHub)
[2026/07/05 12:04:23]: 
[2026/07/05 12:04:23]:  §3Official support channels:
[2026/07/05 12:04:23]:   §bDiscord group: §fwww.nickuc.com/discord
[2026/07/05 12:04:23]:   §bDocumentation: §fdocs.nickuc.com/nlogin/
[2026/07/05 12:04:23]:   §bEmail: §fsupport@nickuc.com
[2026/07/05 12:04:23]:   §bYouTube: §fyoutube.com/nickuc
[2026/07/05 12:04:23]: 
[2026/07/05 12:04:23]:  §eTo remove this warning, log in with "nlogin.admin" permission on the server
[2026/07/05 12:04:23]:  §eand click the "Setup plugin" button to configure your plugin.
[2026/07/05 12:04:23]: 
[2026/07/05 12:04:39]: §3[nLogin] [DEBUG] The EntityZ096x (0:0:0:0:0:0:0:1) player entered an incorrect password
[2026/07/05 12:04:42]: §3[nLogin] [DEBUG] [SQLite] [UPDATE]: "UPDATE `nlogin` SET `last_name` = 'EntityZ096x', `unique_id` = 2ee83cb0186f329dbb3e2dd2a293057c,  `mojang_id` = null,  `bedrock_id` = null,  `password` = '$2a$10$hANg6QPwBYB164nUUdYSvunfF8/XDpOWG6r7AEV5YiO37Z1UaxmzG', `last_ip` = '0:0:0:0:0:0:0:1', `creation_date` = 2026-06-22 12:40:57.688, `last_seen` = 2026-07-05 12:04:42.253, `email` = null, `discord` = null, `settings` = '{"settings":[{"value":"auth","key":"last-server"},{"value":"en","key":"language"}],"version":0}' WHERE `ai` = 2" (applied to [last_ip, last_seen, settings] columns)
[2026/07/05 12:04:42]: [nLogin] The user EntityZ096x has successfully logged in.
[2026/07/05 13:09:53]: §3[nLogin] [DEBUG] [SQLite] [UPDATE]: "UPDATE `nlogin` SET `last_name` = 'EntityZ096x', `unique_id` = 2ee83cb0186f329dbb3e2dd2a293057c,  `mojang_id` = null,  `bedrock_id` = null,  `password` = '$2a$10$hANg6QPwBYB164nUUdYSvunfF8/XDpOWG6r7AEV5YiO37Z1UaxmzG', `last_ip` = '0:0:0:0:0:0:0:1', `creation_date` = 2026-06-22 12:40:57.688, `last_seen` = 2026-07-05 13:09:53.075, `email` = null, `discord` = null, `settings` = '{"settings":[{"value":"server","key":"last-server"},{"value":"en","key":"language"}],"version":0}' WHERE `ai` = 2" (applied to [last_seen, settings] columns)
[2026/07/05 13:09:57]: §3[nLogin] [DEBUG] [SQLite] [UPDATE]: "UPDATE `nlogin` SET `last_name` = 'EntityZ096x', `unique_id` = 2ee83cb0186f329dbb3e2dd2a293057c,  `mojang_id` = null,  `bedrock_id` = null,  `password` = '$2a$10$hANg6QPwBYB164nUUdYSvunfF8/XDpOWG6r7AEV5YiO37Z1UaxmzG', `last_ip` = '0:0:0:0:0:0:0:1', `creation_date` = 2026-06-22 12:40:57.688, `last_seen` = 2026-07-05 13:09:57.409, `email` = null, `discord` = null, `settings` = '{"settings":[{"value":"server","key":"last-server"},{"value":"en","key":"language"}],"version":0}' WHERE `ai` = 2" (applied to [last_ip, last_seen, settings] columns)
[2026/07/05 13:09:57]: [nLogin] The user EntityZ096x has successfully logged in.
[2026/07/05 13:45:19]: §3[nLogin] [DEBUG] [SQLite] [UPDATE]: "UPDATE `nlogin` SET `last_name` = 'EntityZ096x', `unique_id` = 2ee83cb0186f329dbb3e2dd2a293057c,  `mojang_id` = null,  `bedrock_id` = null,  `password` = '$2a$10$hANg6QPwBYB164nUUdYSvunfF8/XDpOWG6r7AEV5YiO37Z1UaxmzG', `last_ip` = '0:0:0:0:0:0:0:1', `creation_date` = 2026-06-22 12:40:57.688, `last_seen` = 2026-07-05 13:45:19.372, `email` = null, `discord` = null, `settings` = '{"settings":[{"value":"server","key":"last-server"},{"value":"en","key":"language"}],"version":0}' WHERE `ai` = 2" (applied to [last_seen, settings] columns)
[2026/07/05 16:39:07]: §3[nLogin] [DEBUG] [SQLite] [UPDATE]: "UPDATE `nlogin` SET `last_name` = 'EntityZ096x', `unique_id` = 2ee83cb0186f329dbb3e2dd2a293057c,  `mojang_id` = null,  `bedrock_id` = null,  `password` = '$2a$10$hANg6QPwBYB164nUUdYSvunfF8/XDpOWG6r7AEV5YiO37Z1UaxmzG', `last_ip` = '0:0:0:0:0:0:0:1', `creation_date` = 2026-06-22 12:40:57.688, `last_seen` = 2026-07-05 16:39:07.114, `email` = null, `discord` = null, `settings` = '{"settings":[{"value":"server","key":"last-server"},{"value":"en","key":"language"}],"version":0}' WHERE `ai` = 2" (applied to [last_ip, last_seen, settings] columns)
[2026/07/05 16:39:07]: [nLogin] The user EntityZ096x has successfully logged in.
[2026/07/05 16:42:18]: §3[nLogin] [DEBUG] [SQLite] [UPDATE]: "UPDATE `nlogin` SET `last_name` = 'EntityZ096x', `unique_id` = 2ee83cb0186f329dbb3e2dd2a293057c,  `mojang_id` = null,  `bedrock_id` = null,  `password` = '$2a$10$hANg6QPwBYB164nUUdYSvunfF8/XDpOWG6r7AEV5YiO37Z1UaxmzG', `last_ip` = '0:0:0:0:0:0:0:1', `creation_date` = 2026-06-22 12:40:57.688, `last_seen` = 2026-07-05 16:42:18.745, `email` = null, `discord` = null, `settings` = '{"settings":[{"value":"server","key":"last-server"},{"value":"en","key":"language"}],"version":0}' WHERE `ai` = 2" (applied to [last_seen, settings] columns)
[2026/07/05 16:42:21]: §3[nLogin] [DEBUG] [SQLite] [UPDATE]: "UPDATE `nlogin` SET `last_name` = 'EntityZ096x', `unique_id` = 2ee83cb0186f329dbb3e2dd2a293057c,  `mojang_id` = null,  `bedrock_id` = null,  `password` = '$2a$10$hANg6QPwBYB164nUUdYSvunfF8/XDpOWG6r7AEV5YiO37Z1UaxmzG', `last_ip` = '0:0:0:0:0:0:0:1', `creation_date` = 2026-06-22 12:40:57.688, `last_seen` = 2026-07-05 16:42:21.948, `email` = null, `discord` = null, `settings` = '{"settings":[{"value":"server","key":"last-server"},{"value":"en","key":"language"}],"version":0}' WHERE `ai` = 2" (applied to [last_ip, last_seen, settings] columns)
[2026/07/05 16:42:21]: [nLogin] The user EntityZ096x has successfully logged in.
[2026/07/05 17:22:56]: §3[nLogin] [DEBUG] [SQLite] [UPDATE]: "UPDATE `nlogin` SET `last_name` = 'EntityZ096x', `unique_id` = 2ee83cb0186f329dbb3e2dd2a293057c,  `mojang_id` = null,  `bedrock_id` = null,  `password` = '$2a$10$hANg6QPwBYB164nUUdYSvunfF8/XDpOWG6r7AEV5YiO37Z1UaxmzG', `last_ip` = '0:0:0:0:0:0:0:1', `creation_date` = 2026-06-22 12:40:57.688, `last_seen` = 2026-07-05 17:22:56.734, `email` = null, `discord` = null, `settings` = '{"settings":[{"value":"auth","key":"last-server"},{"value":"en","key":"language"}],"version":0}' WHERE `ai` = 2" (applied to [last_seen, settings] columns)
[2026/07/05 17:27:53]: §3[nLogin] [DEBUG] [SQLite] [UPDATE]: "UPDATE `nlogin` SET `last_name` = 'EntityZ096x', `unique_id` = 2ee83cb0186f329dbb3e2dd2a293057c,  `mojang_id` = null,  `bedrock_id` = null,  `password` = '$2a$10$hANg6QPwBYB164nUUdYSvunfF8/XDpOWG6r7AEV5YiO37Z1UaxmzG', `last_ip` = '0:0:0:0:0:0:0:1', `creation_date` = 2026-06-22 12:40:57.688, `last_seen` = 2026-07-05 17:27:53.747, `email` = null, `discord` = null, `settings` = '{"settings":[{"value":"auth","key":"last-server"},{"value":"en","key":"language"}],"version":0}' WHERE `ai` = 2" (applied to [last_ip, last_seen, settings] columns)
[2026/07/05 17:27:53]: [nLogin] The user EntityZ096x has successfully logged in.
