[2026/06/25 17:49:29]: §9          __             _       
[2026/06/25 17:49:29]: §9  _ __   / /  ___   __ _(_)_ __  
[2026/06/25 17:49:29]: §9 | '_ \ / /  / _ \ / _` | | '_ \ 
[2026/06/25 17:49:29]: §9 | | | / /__| (_) | (_| | | | | |
[2026/06/25 17:49:29]: §9 |_| |_\____/\___/ \__, |_|_| |_|
[2026/06/25 17:49:29]: §9                  |___/            
[2026/06/25 17:49:29]: §9 By: www.nickuc.com - V 10.4.27
[2026/06/25 17:49:29]: §9 
[2026/06/25 17:49:29]: §3[nLogin] [DEBUG] All settings were loaded in 468 ms.
[2026/06/25 17:49:29]: §3[nLogin] [DEBUG] Loading the messages_en.yml message file...
[2026/06/25 17:49:29]: §3[nLogin] [DEBUG] All plugin messages were loaded in 121 ms (languageByClient=false).
[2026/06/25 17:49:30]: §3[nLogin] [DEBUG] All proxy settings were loaded in 15 ms.
[2026/06/25 17:49:30]: §3[nLogin] [DEBUG] Loading database...
[2026/06/25 17:49:30]: §3[nLogin] [DEBUG] Starting logger filter...
[2026/06/25 17:49:35]: 
[2026/06/25 17:49:35]:  §bThank you so much for choosing nLogin! §4<3
[2026/06/25 17:49:35]: 
[2026/06/25 17:49:35]:  §4For your safety, please read the message below:
[2026/06/25 17:49:35]:   §cNever download nLogin from unknown sources.
[2026/06/25 17:49:35]:   §cA modified version may contain malicious software.
[2026/06/25 17:49:35]: 
[2026/06/25 17:49:35]:  §3Trusted sources:
[2026/06/25 17:49:35]:   §bwww.nickuc.com
[2026/06/25 17:49:35]:   §bwww.github.com/nickuc
[2026/06/25 17:49:35]:   §bOpeNLogin installer (from Spigot or GitHub)
[2026/06/25 17:49:36]: 
[2026/06/25 17:49:36]:  §3Official support channels:
[2026/06/25 17:49:36]:   §bDiscord group: §fwww.nickuc.com/discord
[2026/06/25 17:49:36]:   §bDocumentation: §fdocs.nickuc.com/nlogin/
[2026/06/25 17:49:36]:   §bEmail: §fsupport@nickuc.com
[2026/06/25 17:49:36]:   §bYouTube: §fyoutube.com/nickuc
[2026/06/25 17:49:36]: 
[2026/06/25 17:49:36]:  §eTo remove this warning, log in with "nlogin.admin" permission on the server
[2026/06/25 17:49:36]:  §eand click the "Setup plugin" button to configure your plugin.
[2026/06/25 17:49:36]: 
[2026/06/25 17:52:29]: [nLogin] Successful plugin core shutdown (took 0.00s)
