[2026/07/07 13:27:03]: §9          __             _       
[2026/07/07 13:27:03]: §9  _ __   / /  ___   __ _(_)_ __  
[2026/07/07 13:27:03]: §9 | '_ \ / /  / _ \ / _` | | '_ \ 
[2026/07/07 13:27:03]: §9 | | | / /__| (_) | (_| | | | | |
[2026/07/07 13:27:03]: §9 |_| |_\____/\___/ \__, |_|_| |_|
[2026/07/07 13:27:03]: §9                  |___/            
[2026/07/07 13:27:03]: §9 By: www.nickuc.com - V 10.4.27
[2026/07/07 13:27:03]: §9 
[2026/07/07 13:27:03]: §3[nLogin] [DEBUG] All settings were loaded in 458 ms.
[2026/07/07 13:27:04]: §3[nLogin] [DEBUG] Loading the messages_en.yml message file...
[2026/07/07 13:27:04]: §3[nLogin] [DEBUG] All plugin messages were loaded in 113 ms (languageByClient=false).
[2026/07/07 13:27:04]: §3[nLogin] [DEBUG] All proxy settings were loaded in 18 ms.
[2026/07/07 13:27:04]: §3[nLogin] [DEBUG] Loading database...
[2026/07/07 13:27:04]: §3[nLogin] [DEBUG] Starting logger filter...
[2026/07/07 13:27:09]: 
[2026/07/07 13:27:09]:  §bThank you so much for choosing nLogin! §4<3
[2026/07/07 13:27:09]: 
[2026/07/07 13:27:09]:  §4For your safety, please read the message below:
[2026/07/07 13:27:09]:   §cNever download nLogin from unknown sources.
[2026/07/07 13:27:09]:   §cA modified version may contain malicious software.
[2026/07/07 13:27:09]: 
[2026/07/07 13:27:09]:  §3Trusted sources:
[2026/07/07 13:27:09]:   §bwww.nickuc.com
[2026/07/07 13:27:09]:   §bwww.github.com/nickuc
[2026/07/07 13:27:09]:   §bOpeNLogin installer (from Spigot or GitHub)
[2026/07/07 13:27:09]: 
[2026/07/07 13:27:09]:  §3Official support channels:
[2026/07/07 13:27:09]:   §bDiscord group: §fwww.nickuc.com/discord
[2026/07/07 13:27:09]:   §bDocumentation: §fdocs.nickuc.com/nlogin/
[2026/07/07 13:27:09]:   §bEmail: §fsupport@nickuc.com
[2026/07/07 13:27:09]:   §bYouTube: §fyoutube.com/nickuc
[2026/07/07 13:27:09]: 
[2026/07/07 13:27:09]:  §eTo remove this warning, log in with "nlogin.admin" permission on the server
[2026/07/07 13:27:09]:  §eand click the "Setup plugin" button to configure your plugin.
[2026/07/07 13:27:09]: 
[2026/07/07 13:28:17]: §3[nLogin] [DEBUG] [SQLite] [UPDATE]: "UPDATE `nlogin` SET `last_name` = 'EntityZ096x', `unique_id` = 2ee83cb0186f329dbb3e2dd2a293057c,  `mojang_id` = null,  `bedrock_id` = null,  `password` = '$2a$10$hANg6QPwBYB164nUUdYSvunfF8/XDpOWG6r7AEV5YiO37Z1UaxmzG', `last_ip` = '0:0:0:0:0:0:0:1', `creation_date` = 2026-06-22 12:40:57.688, `last_seen` = 2026-07-07 13:28:17.553, `email` = null, `discord` = null, `settings` = '{"settings":[{"value":"server","key":"last-server"},{"value":"en","key":"language"}],"version":0}' WHERE `ai` = 2" (applied to [last_ip, last_seen, settings] columns)
[2026/07/07 13:28:17]: [nLogin] The user EntityZ096x has successfully logged in.
[2026/07/07 13:30:50]: §3[nLogin] [DEBUG] [SQLite] [UPDATE]: "UPDATE `nlogin` SET `last_name` = 'EntityZ096x', `unique_id` = 2ee83cb0186f329dbb3e2dd2a293057c,  `mojang_id` = null,  `bedrock_id` = null,  `password` = '$2a$10$hANg6QPwBYB164nUUdYSvunfF8/XDpOWG6r7AEV5YiO37Z1UaxmzG', `last_ip` = '0:0:0:0:0:0:0:1', `creation_date` = 2026-06-22 12:40:57.688, `last_seen` = 2026-07-07 13:30:50.88, `email` = null, `discord` = null, `settings` = '{"settings":[{"value":"server","key":"last-server"},{"value":"en","key":"language"}],"version":0}' WHERE `ai` = 2" (applied to [last_seen, settings] columns)
[2026/07/07 13:30:50]: [nLogin] Successful plugin core shutdown (took 0.00s)
