[12:25:18] [main/INFO] [com.velocitypowered.proxy.VelocityServer]: Booting up Velocity 3.4.0-SNAPSHOT (git-44bc15db-b512)...
[12:25:19] [main/INFO] [com.velocitypowered.proxy.VelocityServer]: Loading localizations...
[12:25:19] [main/INFO] [com.velocitypowered.proxy.network.ConnectionManager]: Connections will use epoll channels, Java compression, Java ciphers
[12:25:20] [main/WARN] [com.velocitypowered.proxy.config.VelocityConfiguration]: The proxy is running in offline mode! This is a security risk and you will NOT receive any support!
[12:25:20] [main/WARN] [com.velocitypowered.proxy.config.VelocityConfiguration]: Player info forwarding is disabled! All players will appear to be connecting from the proxy and will have offline-mode UUIDs.
[12:25:20] [main/INFO] [com.velocitypowered.proxy.config.VelocityConfiguration]: Unable to load your server-icon.png, continuing without it.
java.lang.IllegalArgumentException: Image is not 64x64 (found 183x178)
	at com.google.common.base.Preconditions.checkArgument(Preconditions.java:299) ~[server.jar:3.4.0-SNAPSHOT (git-44bc15db-b512)]
	at com.velocitypowered.api.util.Favicon.create(Favicon.java:82) ~[server.jar:3.4.0-SNAPSHOT (git-44bc15db-b512)]
	at com.velocitypowered.api.util.Favicon.create(Favicon.java:107) ~[server.jar:3.4.0-SNAPSHOT (git-44bc15db-b512)]
	at com.velocitypowered.proxy.config.VelocityConfiguration.loadFavicon(VelocityConfiguration.java:251) ~[server.jar:3.4.0-SNAPSHOT (git-44bc15db-b512)]
	at com.velocitypowered.proxy.config.VelocityConfiguration.validate(VelocityConfiguration.java:242) ~[server.jar:3.4.0-SNAPSHOT (git-44bc15db-b512)]
	at com.velocitypowered.proxy.VelocityServer.doStartupConfigLoad(VelocityServer.java:403) ~[server.jar:3.4.0-SNAPSHOT (git-44bc15db-b512)]
	at com.velocitypowered.proxy.VelocityServer.start(VelocityServer.java:289) ~[server.jar:3.4.0-SNAPSHOT (git-44bc15db-b512)]
	at com.velocitypowered.proxy.Velocity.main(Velocity.java:76) ~[server.jar:3.4.0-SNAPSHOT (git-44bc15db-b512)]
[12:25:20] [main/INFO] [com.velocitypowered.proxy.VelocityServer]: Loading plugins...
[12:25:21] [main/ERROR] [com.velocitypowered.proxy.plugin.VelocityPluginManager]: Unable to load plugin plugins/EaglerXBackendRPC.jar
com.velocitypowered.api.plugin.InvalidPluginException: The plugin file EaglerXBackendRPC.jar appears to be a Bukkit or BungeeCord plugin. Velocity does not support Bukkit or BungeeCord plugins.
	at com.velocitypowered.proxy.plugin.loader.java.JavaPluginLoader.getSerializedPluginInfo(JavaPluginLoader.java:161) ~[server.jar:3.4.0-SNAPSHOT (git-44bc15db-b512)]
	at com.velocitypowered.proxy.plugin.loader.java.JavaPluginLoader.loadCandidate(JavaPluginLoader.java:62) ~[server.jar:3.4.0-SNAPSHOT (git-44bc15db-b512)]
	at com.velocitypowered.proxy.plugin.VelocityPluginManager.loadPlugins(VelocityPluginManager.java:101) ~[server.jar:3.4.0-SNAPSHOT (git-44bc15db-b512)]
	at com.velocitypowered.proxy.VelocityServer.loadPlugins(VelocityServer.java:433) ~[server.jar:3.4.0-SNAPSHOT (git-44bc15db-b512)]
	at com.velocitypowered.proxy.VelocityServer.start(VelocityServer.java:304) ~[server.jar:3.4.0-SNAPSHOT (git-44bc15db-b512)]
	at com.velocitypowered.proxy.Velocity.main(Velocity.java:76) ~[server.jar:3.4.0-SNAPSHOT (git-44bc15db-b512)]
[12:25:22] [main/INFO] [eaglerxserver]: Loading EaglercraftXServer 1.1.0...
[12:25:22] [main/INFO] [eaglerxserver]: (Platform: Velocity)
[12:25:22] [main/INFO] [eaglerxserver]: Server Name: "EaglercraftXServer"
[12:25:22] [main/INFO] [com.velocitypowered.proxy.plugin.VelocityPluginManager]: Loaded plugin eaglerxserver 1.1.0 by lax1dude
[12:25:22] [main/INFO] [com.velocitypowered.proxy.plugin.VelocityPluginManager]: Loaded plugin eaglerweb 1.0.0 by lax1dude
[12:25:22] [main/INFO] [com.velocitypowered.proxy.plugin.VelocityPluginManager]: Loaded plugin eaglerxrewind-1-5 1.0.2 by lax1dude, ayunami2000
[12:25:22] [main/INFO] [com.velocitypowered.proxy.VelocityServer]: Loaded 4 plugins
[12:25:22] [EaglercraftXServer - Task Executor #0/WARN] [com.velocitypowered.proxy.network.ConnectionManager]: The server channel initializer has been replaced by java.base/jdk.internal.reflect.DirectMethodHandleAccessor.invoke(DirectMethodHandleAccessor.java:104)
[12:25:23] [EaglercraftXServer - Task Executor #0/INFO] [eaglerxserver]: Enabling EaglercraftXServer 1.1.0...
[12:25:23] [EaglercraftXServer - Task Executor #0/INFO] [eaglerxserver]: Connecting to skin cache database "jdbc:sqlite:eagler_skins_cache.db"...
[12:25:23] [EaglercraftXServer - Task Executor #0/INFO] [eaglerxserver]: Connected to skin cache database successfully!
[12:25:23] [EaglercraftXServer - Task Executor #1/INFO] [eaglerxserver]: Reloaded certificate: /workspaces/PlasmaNetworkV21/velocity/plugins/eaglerxserver/eagcert/$dl.34268c6e7b2a2336a2821b0171d290d6dd455cba.cert
[12:25:23] [EaglercraftXServer - Task Executor #1/WARN] [eaglerxserver]: Update certificate was loaded: $dl.34268c6e7b2a2336a2821b0171d290d6dd455cba.cert
[12:25:24] [EaglercraftXServer - Task Executor #0/INFO] [eaglerweb]: Loading config files...
[12:25:24] [EaglercraftXServer - Task Executor #0/INFO] [eaglerweb]: Indexing pages, please wait...
[12:25:24] [EaglercraftXServer - Task Executor #0/INFO] [eaglerweb]: Indexed 12 pages total!
[12:25:24] [EaglercraftXServer - Task Executor #0/INFO] [eaglerxrewind-1-5]: EaglerXRewind protocol for Eaglercraft 1.5.2 has been registered
[12:25:24] [Netty epoll Boss #0/INFO] [eaglerxserver]: Listener "listener0" injected into channel [id: 0xae2b5472, L:/[0:0:0:0:0:0:0:0]:25567] successfully (Velocity method)
[12:25:24] [main/INFO] [com.velocitypowered.proxy.Velocity]: Done (6.43s)!
[12:25:24] [Netty epoll Boss #0/INFO] [com.velocitypowered.proxy.network.ConnectionManager]: Listening on /[0:0:0:0:0:0:0:0]:25567
[12:25:25] [Netty epoll Worker #0/INFO] [eaglerxserver]: You are running the latest version of EaglerXServer
[12:33:41] [Netty epoll Worker #3/INFO] [com.velocitypowered.proxy.connection.client.AuthSessionHandler]: [connected player] EntityZ096x (/[0:0:0:0:0:0:0:1]:55090) has connected
[12:33:41] [Netty epoll Worker #3/INFO] [com.velocitypowered.proxy.connection.MinecraftConnection]: [server connection] EntityZ096x -> auth has connected
[12:33:48] [Netty epoll Worker #3/INFO] [com.velocitypowered.proxy.connection.MinecraftConnection]: [server connection] EntityZ096x -> mainserver has connected
[12:33:54] [Netty epoll Worker #3/INFO] [com.velocitypowered.proxy.connection.MinecraftConnection]: [server connection] EntityZ096x -> auth has disconnected
[12:59:30] [Netty epoll Worker #3/INFO] [com.velocitypowered.proxy.connection.MinecraftConnection]: [connected player] EntityZ096x (/[0:0:0:0:0:0:0:1]:55090) has disconnected
[12:59:30] [Netty epoll Worker #3/INFO] [com.velocitypowered.proxy.connection.MinecraftConnection]: [server connection] EntityZ096x -> mainserver has disconnected
[14:16:04] [Netty epoll Worker #2/INFO] [com.velocitypowered.proxy.connection.client.AuthSessionHandler]: [connected player] EntityZ096x (/[0:0:0:0:0:0:0:1]:58194) has connected
[14:16:04] [Netty epoll Worker #2/INFO] [com.velocitypowered.proxy.connection.MinecraftConnection]: [server connection] EntityZ096x -> auth has connected
[14:16:09] [Netty epoll Worker #2/INFO] [com.velocitypowered.proxy.connection.MinecraftConnection]: [server connection] EntityZ096x -> mainserver has connected
[14:16:10] [Netty epoll Worker #2/INFO] [com.velocitypowered.proxy.connection.MinecraftConnection]: [server connection] EntityZ096x -> auth has disconnected
[14:35:26] [Netty epoll Worker #2/INFO] [com.velocitypowered.proxy.connection.client.ConnectedPlayer]: [connected player] EntityZ096x (/[0:0:0:0:0:0:0:1]:58194): kicked from server mainserver: Server closed
[14:35:26] [Netty epoll Worker #2/INFO] [com.velocitypowered.proxy.connection.MinecraftConnection]: [server connection] EntityZ096x -> mainserver has disconnected
[14:35:26] [Netty epoll Worker #2/INFO] [com.velocitypowered.proxy.connection.MinecraftConnection]: [server connection] EntityZ096x -> auth has connected
[14:35:34] [Netty epoll Worker #2/ERROR] [com.velocitypowered.proxy.connection.client.ConnectedPlayer]: [connected player] EntityZ096x (/[0:0:0:0:0:0:0:1]:58194): unable to connect to server mainserver
io.netty.channel.AbstractChannel$AnnotatedConnectException: finishConnect(..) failed: Connection refused: /127.0.0.1:25565
Caused by: java.net.ConnectException: finishConnect(..) failed: Connection refused
	at io.netty.channel.unix.Errors.newConnectException0(Errors.java:166) ~[server.jar:3.4.0-SNAPSHOT (git-44bc15db-b512)]
	at io.netty.channel.unix.Errors.handleConnectErrno(Errors.java:131) ~[server.jar:3.4.0-SNAPSHOT (git-44bc15db-b512)]
	at io.netty.channel.unix.Socket.finishConnect(Socket.java:360) ~[server.jar:3.4.0-SNAPSHOT (git-44bc15db-b512)]
	at io.netty.channel.epoll.AbstractEpollChannel$AbstractEpollUnsafe.doFinishConnect(AbstractEpollChannel.java:761) ~[server.jar:3.4.0-SNAPSHOT (git-44bc15db-b512)]
	at io.netty.channel.epoll.AbstractEpollChannel$AbstractEpollUnsafe.finishConnect(AbstractEpollChannel.java:738) ~[server.jar:3.4.0-SNAPSHOT (git-44bc15db-b512)]
	at io.netty.channel.epoll.AbstractEpollChannel$AbstractEpollUnsafe.epollOutReady(AbstractEpollChannel.java:608) ~[server.jar:3.4.0-SNAPSHOT (git-44bc15db-b512)]
	at io.netty.channel.epoll.AbstractEpollChannel$AbstractEpollUnsafe.handle(AbstractEpollChannel.java:469) ~[server.jar:3.4.0-SNAPSHOT (git-44bc15db-b512)]
	at io.netty.channel.epoll.EpollIoHandler$DefaultEpollIoRegistration.handle(EpollIoHandler.java:307) ~[server.jar:3.4.0-SNAPSHOT (git-44bc15db-b512)]
	at io.netty.channel.epoll.EpollIoHandler.processReady(EpollIoHandler.java:489) ~[server.jar:3.4.0-SNAPSHOT (git-44bc15db-b512)]
	at io.netty.channel.epoll.EpollIoHandler.run(EpollIoHandler.java:444) ~[server.jar:3.4.0-SNAPSHOT (git-44bc15db-b512)]
	at io.netty.channel.SingleThreadIoEventLoop.runIo(SingleThreadIoEventLoop.java:206) ~[server.jar:3.4.0-SNAPSHOT (git-44bc15db-b512)]
	at io.netty.channel.SingleThreadIoEventLoop.run(SingleThreadIoEventLoop.java:177) ~[server.jar:3.4.0-SNAPSHOT (git-44bc15db-b512)]
	at io.netty.util.concurrent.SingleThreadEventExecutor$5.run(SingleThreadEventExecutor.java:1073) ~[server.jar:3.4.0-SNAPSHOT (git-44bc15db-b512)]
	at io.netty.util.internal.ThreadExecutorMap$2.run(ThreadExecutorMap.java:74) ~[server.jar:3.4.0-SNAPSHOT (git-44bc15db-b512)]
	at io.netty.util.concurrent.FastThreadLocalRunnable.run(FastThreadLocalRunnable.java:30) ~[server.jar:3.4.0-SNAPSHOT (git-44bc15db-b512)]
	at java.base/java.lang.Thread.run(Thread.java:1474) [?:?]
[14:36:55] [Netty epoll Worker #2/INFO] [com.velocitypowered.proxy.connection.MinecraftConnection]: [connected player] EntityZ096x (/[0:0:0:0:0:0:0:1]:58194) has disconnected
[14:36:55] [Netty epoll Worker #2/INFO] [com.velocitypowered.proxy.connection.MinecraftConnection]: [server connection] EntityZ096x -> auth has disconnected
[14:36:56] [Netty epoll Worker #1/INFO] [com.velocitypowered.proxy.connection.client.AuthSessionHandler]: [connected player] EntityZ096x (/[0:0:0:0:0:0:0:1]:33522) has connected
[14:36:56] [Netty epoll Worker #1/INFO] [com.velocitypowered.proxy.connection.MinecraftConnection]: [server connection] EntityZ096x -> auth has connected
[14:37:06] [Netty epoll Worker #1/INFO] [com.velocitypowered.proxy.connection.MinecraftConnection]: [server connection] EntityZ096x -> mainserver has connected
[14:37:36] [Netty epoll Worker #1/ERROR] [com.velocitypowered.proxy.connection.MinecraftConnection]: [server connection] EntityZ096x -> mainserver: read timed out
[14:37:36] [Netty epoll Worker #1/INFO] [com.velocitypowered.proxy.connection.MinecraftConnection]: [server connection] EntityZ096x -> mainserver has disconnected
[14:37:36] [Netty epoll Worker #1/ERROR] [com.velocitypowered.proxy.connection.client.ConnectedPlayer]: [connected player] EntityZ096x (/[0:0:0:0:0:0:0:1]:33522): unable to connect to server mainserver
io.netty.handler.timeout.ReadTimeoutException: null
[14:38:13] [Netty epoll Worker #1/INFO] [com.velocitypowered.proxy.connection.MinecraftConnection]: [server connection] EntityZ096x -> mainserver has connected
[14:38:14] [Netty epoll Worker #1/INFO] [com.velocitypowered.proxy.connection.MinecraftConnection]: [server connection] EntityZ096x -> auth has disconnected
[14:41:23] [Netty epoll Worker #3/INFO] [com.velocitypowered.proxy.connection.client.AuthSessionHandler]: [connected player] Clstial (/[0:0:0:0:0:0:0:1]:48108) has connected
[14:41:24] [Netty epoll Worker #3/INFO] [com.velocitypowered.proxy.connection.MinecraftConnection]: [server connection] Clstial -> auth has connected
[14:41:31] [Netty epoll Worker #3/INFO] [com.velocitypowered.proxy.connection.MinecraftConnection]: [server connection] Clstial -> mainserver has connected
[14:41:32] [Netty epoll Worker #3/INFO] [com.velocitypowered.proxy.connection.MinecraftConnection]: [server connection] Clstial -> auth has disconnected
[15:36:43] [Netty epoll Worker #3/INFO] [com.velocitypowered.proxy.connection.MinecraftConnection]: [connected player] Clstial (/[0:0:0:0:0:0:0:1]:48108) has disconnected
[15:36:43] [Netty epoll Worker #3/INFO] [com.velocitypowered.proxy.connection.MinecraftConnection]: [server connection] Clstial -> mainserver has disconnected
[15:52:20] [Netty epoll Worker #1/INFO] [com.velocitypowered.proxy.connection.MinecraftConnection]: [connected player] EntityZ096x (/[0:0:0:0:0:0:0:1]:33522) has disconnected
[15:52:20] [Netty epoll Worker #1/INFO] [com.velocitypowered.proxy.connection.MinecraftConnection]: [server connection] EntityZ096x -> mainserver has disconnected
[16:29:20] [Netty epoll Worker #1/INFO] [com.velocitypowered.proxy.connection.client.AuthSessionHandler]: [connected player] Clstial (/[0:0:0:0:0:0:0:1]:55096) has connected
[16:29:20] [Netty epoll Worker #1/INFO] [com.velocitypowered.proxy.connection.MinecraftConnection]: [server connection] Clstial -> auth has connected
[16:29:23] [Netty epoll Worker #1/INFO] [com.velocitypowered.proxy.connection.MinecraftConnection]: [server connection] Clstial -> mainserver has connected
[16:29:24] [Netty epoll Worker #1/INFO] [com.velocitypowered.proxy.connection.MinecraftConnection]: [server connection] Clstial -> auth has disconnected
[16:41:20] [Netty epoll Worker #1/INFO] [com.velocitypowered.proxy.connection.MinecraftConnection]: [connected player] Clstial (/[0:0:0:0:0:0:0:1]:55096) has disconnected
[16:41:20] [Netty epoll Worker #1/INFO] [com.velocitypowered.proxy.connection.MinecraftConnection]: [server connection] Clstial -> mainserver has disconnected
[17:10:45] [Netty epoll Worker #0/INFO] [com.velocitypowered.proxy.connection.client.AuthSessionHandler]: [connected player] Clstial (/[0:0:0:0:0:0:0:1]:50000) has connected
[17:10:45] [Netty epoll Worker #0/INFO] [com.velocitypowered.proxy.connection.MinecraftConnection]: [server connection] Clstial -> auth has connected
[17:10:48] [Netty epoll Worker #0/INFO] [com.velocitypowered.proxy.connection.MinecraftConnection]: [server connection] Clstial -> mainserver has connected
[17:10:48] [Netty epoll Worker #0/INFO] [com.velocitypowered.proxy.connection.MinecraftConnection]: [server connection] Clstial -> auth has disconnected
[17:21:07] [Netty epoll Worker #0/INFO] [com.velocitypowered.proxy.connection.MinecraftConnection]: [connected player] Clstial (/[0:0:0:0:0:0:0:1]:50000) has disconnected
[17:21:07] [Netty epoll Worker #0/INFO] [com.velocitypowered.proxy.connection.MinecraftConnection]: [server connection] Clstial -> mainserver has disconnected
